// Jest Snapshot v1, https://goo.gl/fbAQLP

exports[`Should render Form component 1`] = `
<div
  className="loader"
>
  <img
    className="loader__image"
    src="/images/ajax-loader-2.gif"
  />
</div>
`;
